
> intel-os@1.0.0 build
> next build

Γû▓ Next.js 16.1.6 (Turbopack)
- Environments: .env.local

  Creating an optimized production build ...
npm : 
At line:1 char:1
+ npm run build > 
build_output.log 2>&1
+ ~~~~~~~~~~~~~~~~~~~~~
~~~~~~~~~~~~~~~~
    + CategoryInfo     
         : NotSpecifi  
  ed: (:String) [],    
 RemoteException
    + FullyQualifiedEr 
   rorId : NativeComm  
  andError
 
> Build error occurred
Error: Turbopack build 
failed with 1 errors:
./app/globals.css
Error evaluating 
Node.js code
Error: It looks like 
you're trying to use 
`tailwindcss` directly 
as a PostCSS plugin. 
The PostCSS plugin has 
moved to a separate 
package, so to 
continue using 
Tailwind CSS with 
PostCSS you'll need to 
install 
`@tailwindcss/postcss` 
and update your 
PostCSS configuration.
    [at at 
(D:\codes\personal proj
ects\warRoom\node_modul
es\tailwindcss\dist\lib
.js:38:1643)]
    at turbopack:///[tu
rbopack-node]/transform
s/postcss.ts:56:14 
[D:\codes\personal proj
ects\warRoom\.next\buil
d\chunks\[root-of-the-s
erver]__6d51cb5d._.js:1
65:20]
    [at <anonymous>]
    at Module.init (tur
bopack:///[turbopack-no
de]/transforms/postcss.
ts:43:33) 
[D:\codes\personal proj
ects\warRoom\.next\buil
d\chunks\[root-of-the-s
erver]__6d51cb5d._.js:1
55:35]
    at run (turbopack:/
//[turbopack-node]/ipc/
evaluate.ts:77:20) 
[D:\codes\personal proj
ects\warRoom\.next\buil
d\chunks\[root-of-the-s
erver]__44695d76._.js:4
29:26]

Import trace:
  Client Component 
Browser:
    ./app/globals.css 
[Client Component 
Browser]
    ./app/layout.tsx 
[Server Component]


    at Module.init (tur
bopack:///[turbopack-no
de]/transforms/postcss.
ts:43:33) 
[D:\codes\personal proj
ects\warRoom\.next\buil
d\chunks\[root-of-the-s
erver]__6d51cb5d._.js:1
55:35])
    at run (turbopack:/
//[turbopack-node]/ipc/
evaluate.ts:77:20) 
[D:\codes\personal proj
ects\warRoom\.next\buil
d\chunks\[root-of-the-s
erver]__44695d76._.js:4
29:26])
