.next/dev/types/validator.ts(135,31): error TS2344: Type 'typeof import("D:/codes/personal projects/warRoom/app/api/map/[topicKey]/route")' does not satisfy the constraint 'RouteHandlerConfig<"/api/map/[topicKey]">'.
  Types of property 'GET' are incompatible.
    Type '(request: Request, { params }: { params: { topicKey: string; }; }) => Promise<NextResponse<{ topicKey: string; status: any; intelFeed: (FlattenMaps<any> & Required<{ _id: unknown; }> & { ...; })[]; questions: (FlattenMaps<...> & ... 1 more ... & { ...; })[]; resources: any[]; shadow: (FlattenMaps<...> & ... 1 more ....' is not assignable to type '(request: NextRequest, context: { params: Promise<{ topicKey: string; }>; }) => void | Response | Promise<void | Response>'.
      Types of parameters '__1' and 'context' are incompatible.
        Type '{ params: Promise<{ topicKey: string; }>; }' is not assignable to type '{ params: { topicKey: string; }; }'.
          Types of property 'params' are incompatible.
            Property 'topicKey' is missing in type 'Promise<{ topicKey: string; }>' but required in type '{ topicKey: string; }'.
